  console.log
    [dotenv@17.3.1] injecting env (12) from .env -- tip: ΓÜÖ∩╕Å  write to custom object with { processEnv: myObject }

      at _log (node_modules/dotenv/lib/main.js:139:11)

node.exe : (node:6736) 
Warning: 
`--localstorage-file` was 
provided without a valid path
At line:1 char:1
+ & "C:\Program 
Files\nodejs/node.exe" 
"C:\Program 
Files\nodejs/node_mo ...
+ ~~~~~~~~~~~~~~~~~~~~~~~~~~~
~~~~~~~~~~~~~~~~~~~~~~~~~~~~~
~~~~~~~~~~~~~
    + CategoryInfo           
   : NotSpecified: ((node:6  
  736) War...ut a valid pa   
 th:String) [], RemoteExc    
eption
    + FullyQualifiedErrorId  
   : NativeCommandError
 
(Use `node --trace-warnings 
...` to show where the 
warning was created)
FAIL 
tests/mongoConnection.test.js
  MongoDB connection
    ├ù should connect to the 
database (6 ms)

  ΓùÅ MongoDB connection ΓÇ║ 
should connect to the 
database

    Connection failed: 
options usenewurlparser, 
useunifiedtopology are not 
supported

    [0m [90m 14 |[39m     
  [36mawait[39m mongoose[3
3m.[39mconnection[33m.[39m
close()[33m;[39m
     [90m 15 |[39m     } 
[36mcatch[39m (error) {
    
[31m[1m>[22m[39m[90m 16 
|[39m       [36mthrow[39m 
[36mnew[39m [33mError[39m
([32m`Connection failed: ${e
rror.message}`[39m)[33m;[3
9m
     [90m    |[39m         
    [31m[1m^[22m[39m
     [90m 17 |[39m     }
     [90m 18 |[39m   
}[33m,[39m 
[35m10000[39m)[33m;[39m 
[90m// 10s timeout to match 
the image which took ~5s[39m
     [90m 19 |[39m 
})[33m;[39m[0m

      at Object.<anonymous> (
tests/mongoConnection.test.js
:16:13)

Test Suites: 1 failed, 1 
total
Tests:       1 failed, 1 
total
Snapshots:   0 total
Time:        1.172 s
Ran all test suites matching 
tests/mongoConnection.test.js
.
Force exiting Jest: Have you 
considered using 
`--detectOpenHandles` to 
detect async operations that 
kept running after all tests 
finished?
